
> yashwanth@0.0.0 build
> vite build

[36mvite v8.0.3 [32mbuilding client environment for production...[36m[39m
[2K
node.exe : Found 1 
warning while optimizing 
generated CSS:
At line:1 char:1
+ & "C:\Program 
Files\nodejs/node.exe" 
"C:\Program 
Files\nodejs/node_mo ...
+ ~~~~~~~~~~~~~~~~~~~~~~~~
~~~~~~~~~~~~~~~~~~~~~~~~~~
~~~~~~~~~~~~~~~~~~~
    + CategoryInfo        
      : NotSpecified: (F  
  ound 1 warning... gen   
 erated CSS::String) [    
], RemoteException
    + FullyQualifiedError 
   Id : NativeCommandErr  
  or
 

[2mΓöé   }[22m
[2mΓöé }[22m
[2mΓöé[22m @import url('
https://fonts.googleapis.c
om/css2?family=Inter:wght@
300;400;500;600;700;800&di
splay=swap');
[2mΓöå[22m        
[33m[2m^--[22m @import 
rules must precede all 
rules aside from @charset 
and @layer statements[39m
[2mΓöå[22m
[2mΓöé @layer base {[22m
[2mΓöé   body {[22m

transforming...Γ£ô 2155 modules transformed.
rendering chunks...
[31mΓ£ù[39m Build 
failed in 3.06s
[31merror during build:
[31mBuild failed with 3 
errors:

[31m[MISSING_EXPORT] 
Error:[0m "Github" is 
not exported by "node_modu
les/lucide-react/dist/esm/
lucide-react.js".
   [38;5;246mΓò¡[0m[38;
5;246mΓöÇ[0m[38;5;246m[
[0m src/components/section
s/Projects.jsx:3:10 
[38;5;246m][0m
   [38;5;246mΓöé[0m
 [38;5;246m3 Γöé[0m [38
;5;249mi[0m[38;5;249mm[
0m[38;5;249mp[0m[38;5;2
49mo[0m[38;5;249mr[0m[
38;5;249mt[0m[38;5;249m 
[0m[38;5;249m{[0m[38;5
;249m [0mGithub[38;5;249
m,[0m[38;5;249m [0m[38
;5;249mE[0m[38;5;249mx[
0m[38;5;249mt[0m[38;5;2
49me[0m[38;5;249mr[0m[
38;5;249mn[0m[38;5;249ma
[0m[38;5;249ml[0m[38;5
;249mL[0m[38;5;249mi[0m
[38;5;249mn[0m[38;5;249
mk[0m[38;5;249m [0m[38
;5;249m}[0m[38;5;249m [
0m[38;5;249mf[0m[38;5;2
49mr[0m[38;5;249mo[0m[
38;5;249mm[0m[38;5;249m 
[0m[38;5;249m"[0m[38;5
;249ml[0m[38;5;249mu[0m
[38;5;249mc[0m[38;5;249
mi[0m[38;5;249md[0m[38
;5;249me[0m[38;5;249m-[
0m[38;5;249mr[0m[38;5;2
49me[0m[38;5;249ma[0m[
38;5;249mc[0m[38;5;249mt
[0m[38;5;249m"[0m[38;5
;249m;[0m
 [38;5;240m  Γöé[0m     
     ΓöÇΓöÇΓöÇΓö¼ΓöÇΓöÇ  
 [38;5;240m  Γöé[0m     
        Γò░ΓöÇΓöÇΓöÇΓöÇ 
Missing export
[38;5;246mΓöÇΓöÇΓöÇΓò»[0
m

[31m[MISSING_EXPORT] 
Error:[0m "Github" is 
not exported by "node_modu
les/lucide-react/dist/esm/
lucide-react.js".
   [38;5;246mΓò¡[0m[38;
5;246mΓöÇ[0m[38;5;246m[
[0m src/components/section
s/Contact.jsx:3:31 
[38;5;246m][0m
   [38;5;246mΓöé[0m
 [38;5;246m3 Γöé[0m [38
;5;249mi[0m[38;5;249mm[
0m[38;5;249mp[0m[38;5;2
49mo[0m[38;5;249mr[0m[
38;5;249mt[0m[38;5;249m 
[0m[38;5;249m{[0m[38;5
;249m [0m[38;5;249mM[0m
[38;5;249ma[0m[38;5;249
mi[0m[38;5;249ml[0m[38
;5;249m,[0m[38;5;249m [
0m[38;5;249mP[0m[38;5;2
49mh[0m[38;5;249mo[0m[
38;5;249mn[0m[38;5;249me
[0m[38;5;249m,[0m[38;5
;249m [0m[38;5;249mM[0m
[38;5;249ma[0m[38;5;249
mp[0m[38;5;249mP[0m[38
;5;249mi[0m[38;5;249mn[
0m[38;5;249m,[0m[38;5;2
49m [0mGithub[38;5;249m,
[0m[38;5;249m [0m[38;5
;249mL[0m[38;5;249mi[0m
[38;5;249mn[0m[38;5;249
mk[0m[38;5;249me[0m[38
;5;249md[0m[38;5;249mi[
0m[38;5;249mn[0m[38;5;2
49m,[0m[38;5;249m [0m[
38;5;249mS[0m[38;5;249me
[0m[38;5;249mn[0m[38;5
;249md[0m[38;5;249m [0m
[38;5;249m}[0m[38;5;249
m [0m[38;5;249mf[0m[38
;5;249mr[0m[38;5;249mo[
0m[38;5;249mm[0m[38;5;2
49m [0m[38;5;249m"[0m[
38;5;249ml[0m[38;5;249mu
[0m[38;5;249mc[0m[38;5
;249mi[0m[38;5;249md[0m
[38;5;249me[0m[38;5;249
m-[0m[38;5;249mr[0m[38
;5;249me[0m[38;5;249ma[
0m[38;5;249mc[0m[38;5;2
49mt[0m[38;5;249m"[0m[
38;5;249m;[0m
 [38;5;240m  Γöé[0m     
                          
ΓöÇΓöÇΓöÇΓö¼ΓöÇΓöÇ  
 [38;5;240m  Γöé[0m     
                          
   Γò░ΓöÇΓöÇΓöÇΓöÇ 
Missing export
[38;5;246mΓöÇΓöÇΓöÇΓò»[0
m

[31m[MISSING_EXPORT] 
Error:[0m "Linkedin" is 
not exported by "node_modu
les/lucide-react/dist/esm/
lucide-react.js".
   [38;5;246mΓò¡[0m[38;
5;246mΓöÇ[0m[38;5;246m[
[0m src/components/section
s/Contact.jsx:3:39 
[38;5;246m][0m
   [38;5;246mΓöé[0m
 [38;5;246m3 Γöé[0m [38
;5;249mi[0m[38;5;249mm[
0m[38;5;249mp[0m[38;5;2
49mo[0m[38;5;249mr[0m[
38;5;249mt[0m[38;5;249m 
[0m[38;5;249m{[0m[38;5
;249m [0m[38;5;249mM[0m
[38;5;249ma[0m[38;5;249
mi[0m[38;5;249ml[0m[38
;5;249m,[0m[38;5;249m [
0m[38;5;249mP[0m[38;5;2
49mh[0m[38;5;249mo[0m[
38;5;249mn[0m[38;5;249me
[0m[38;5;249m,[0m[38;5
;249m [0m[38;5;249mM[0m
[38;5;249ma[0m[38;5;249
mp[0m[38;5;249mP[0m[38
;5;249mi[0m[38;5;249mn[
0m[38;5;249m,[0m[38;5;2
49m [0m[38;5;249mG[0m[
38;5;249mi[0m[38;5;249mt
[0m[38;5;249mh[0m[38;5
;249mu[0m[38;5;249mb[0m
[38;5;249m,[0m[38;5;249
m [0mLinkedin[38;5;249m,
[0m[38;5;249m [0m[38;5
;249mS[0m[38;5;249me[0m
[38;5;249mn[0m[38;5;249
md[0m[38;5;249m [0m[38
;5;249m}[0m[38;5;249m [
0m[38;5;249mf[0m[38;5;2
49mr[0m[38;5;249mo[0m[
38;5;249mm[0m[38;5;249m 
[0m[38;5;249m"[0m[38;5
;249ml[0m[38;5;249mu[0m
[38;5;249mc[0m[38;5;249
mi[0m[38;5;249md[0m[38
;5;249me[0m[38;5;249m-[
0m[38;5;249mr[0m[38;5;2
49me[0m[38;5;249ma[0m[
38;5;249mc[0m[38;5;249mt
[0m[38;5;249m"[0m[38;5
;249m;[0m
 [38;5;240m  Γöé[0m     
                          
        
ΓöÇΓöÇΓöÇΓöÇΓö¼ΓöÇΓöÇΓöÇ  
 [38;5;240m  Γöé[0m     
                          
            
Γò░ΓöÇΓöÇΓöÇΓöÇΓöÇ 
Missing export
[38;5;246mΓöÇΓöÇΓöÇΓò»[0
m
[31m
    at aggregateBindingErr
orsIntoJsError (file:///C:
/Users/RANJITHA%20N/OneDri
ve/Desktop/Yashwanth/node_
modules/rolldown/dist/shar
ed/error-BLhcSyeg.mjs:48:1
8)
    at 
unwrapBindingResult (file:
///C:/Users/RANJITHA%20N/O
neDrive/Desktop/Yashwanth/
node_modules/rolldown/dist
/shared/error-BLhcSyeg.mjs
:18:128)
    at #build (file:///C:/
Users/RANJITHA%20N/OneDriv
e/Desktop/Yashwanth/node_m
odules/rolldown/dist/share
d/rolldown-build-CPrIX9V6.
mjs:3313:34)
    at async 
buildEnvironment (file:///
C:/Users/RANJITHA%20N/OneD
rive/Desktop/Yashwanth/nod
e_modules/vite/dist/node/c
hunks/node.js:32849:64)
    at async Object.build 
(file:///C:/Users/RANJITHA
%20N/OneDrive/Desktop/Yash
wanth/node_modules/vite/di
st/node/chunks/node.js:332
71:19)
    at async 
Object.buildApp (file:///C
:/Users/RANJITHA%20N/OneDr
ive/Desktop/Yashwanth/node
_modules/vite/dist/node/ch
unks/node.js:33268:153)
    at async 
CAC.<anonymous> (file:///C
:/Users/RANJITHA%20N/OneDr
ive/Desktop/Yashwanth/node
_modules/vite/dist/node/cl
i.js:778:3) {
  errors: [Getter/Setter]
}[39m
